\BOOKMARK [1][-]{section.1}{\376\377\000I\000n\000t\000r\000o\000d\000u\000z\000i\000o\000n\000e}{}% 1
\BOOKMARK [2][-]{subsection.1.1}{\376\377\000C\000o\000n\000t\000e\000s\000t\000o}{section.1}% 2
\BOOKMARK [2][-]{subsection.1.2}{\376\377\000M\000o\000t\000i\000v\000a\000z\000i\000o\000n\000e}{section.1}% 3
\BOOKMARK [2][-]{subsection.1.3}{\376\377\000O\000b\000i\000e\000t\000t\000i\000v\000i}{section.1}% 4
\BOOKMARK [2][-]{subsection.1.4}{\376\377\000R\000e\000s\000e\000a\000r\000c\000h\000\040\000Q\000u\000e\000s\000t\000i\000o\000n\000s}{section.1}% 5
\BOOKMARK [2][-]{subsection.1.5}{\376\377\000W\000o\000r\000k\000f\000l\000o\000w}{section.1}% 6
\BOOKMARK [1][-]{section.2}{\376\377\000S\000e\000l\000e\000z\000i\000o\000n\000e\000\040\000d\000e\000i\000\040\000d\000a\000t\000a\000s\000e\000t}{}% 7
\BOOKMARK [2][-]{subsection.2.1}{\376\377\000I\000C\000C\000U}{section.2}% 8
\BOOKMARK [2][-]{subsection.2.2}{\376\377\000I\000S\000T\000A\000T\000\040\0002\0000\0001\0009}{section.2}% 9
\BOOKMARK [2][-]{subsection.2.3}{\376\377\000I\000S\000T\000A\000T\000\040\0002\0000\0002\0005}{section.2}% 10
\BOOKMARK [2][-]{subsection.2.4}{\376\377\000C\000u\000l\000t\000u\000r\000a\000l\000-\000O\000N}{section.2}% 11
\BOOKMARK [2][-]{subsection.2.5}{\376\377\000V\000e\000r\000i\000f\000i\000c\000a\000\040\000d\000e\000l\000l\000e\000\040\000f\000o\000n\000t\000i}{section.2}% 12
\BOOKMARK [2][-]{subsection.2.6}{\376\377\000L\000i\000c\000e\000n\000z\000e}{section.2}% 13
\BOOKMARK [2][-]{subsection.2.7}{\376\377\000C\000o\000m\000p\000a\000t\000i\000b\000i\000l\000i\000t\000\340}{section.2}% 14
\BOOKMARK [1][-]{section.3}{\376\377\000A\000n\000a\000l\000i\000s\000i\000\040\000p\000r\000e\000l\000i\000m\000i\000n\000a\000r\000e}{}% 15
\BOOKMARK [2][-]{subsection.3.1}{\376\377\000D\000a\000t\000a\000\040\000i\000n\000v\000e\000n\000t\000o\000r\000y}{section.3}% 16
\BOOKMARK [2][-]{subsection.3.2}{\376\377\000D\000a\000t\000a\000\040\000p\000r\000o\000f\000i\000l\000i\000n\000g}{section.3}% 17
\BOOKMARK [2][-]{subsection.3.3}{\376\377\000S\000t\000a\000t\000i\000\040\000I\000C\000C\000U}{section.3}% 18
\BOOKMARK [2][-]{subsection.3.4}{\376\377\000P\000r\000o\000b\000l\000e\000m\000i\000\040\000q\000u\000a\000l\000i\000t\000a\000t\000i\000v\000i}{section.3}% 19
\BOOKMARK [1][-]{section.4}{\376\377\000E\000l\000a\000b\000o\000r\000a\000z\000i\000o\000n\000e}{}% 20
\BOOKMARK [2][-]{subsection.4.1}{\376\377\000C\000l\000e\000a\000n\000i\000n\000g}{section.4}% 21
\BOOKMARK [2][-]{subsection.4.2}{\376\377\000M\000i\000s\000s\000i\000n\000g\000\040\000v\000a\000l\000u\000e\000s}{section.4}% 22
\BOOKMARK [2][-]{subsection.4.3}{\376\377\000N\000o\000r\000m\000a\000l\000i\000z\000z\000a\000z\000i\000o\000n\000e}{section.4}% 23
\BOOKMARK [2][-]{subsection.4.4}{\376\377\000C\000o\000o\000r\000d\000i\000n\000a\000t\000e}{section.4}% 24
\BOOKMARK [2][-]{subsection.4.5}{\376\377\000P\000a\000r\000s\000i\000n\000g\000\040\000c\000o\000n\000f\000l\000u\000e\000n\000z\000e}{section.4}% 25
\BOOKMARK [2][-]{subsection.4.6}{\376\377\000X\000M\000L\000\040\000e\000\040\000r\000e\000l\000a\000z\000i\000o\000n\000i\000\040\0001\000:\000N}{section.4}% 26
\BOOKMARK [1][-]{section.5}{\376\377\000I\000n\000t\000e\000g\000r\000a\000z\000i\000o\000n\000e\000\040\000e\000\040\000a\000r\000r\000i\000c\000c\000h\000i\000m\000e\000n\000t\000o}{}% 27
\BOOKMARK [2][-]{subsection.5.1}{\376\377\000J\000o\000i\000n\000\040\000I\000C\000C\000U}{section.5}% 28
\BOOKMARK [2][-]{subsection.5.2}{\376\377\000I\000S\000T\000A\000T}{section.5}% 29
\BOOKMARK [2][-]{subsection.5.3}{\376\377\000V\000a\000r\000i\000a\000z\000i\000o\000n\000i\000\040\000a\000m\000m\000i\000n\000i\000s\000t\000r\000a\000t\000i\000v\000e}{section.5}% 30
\BOOKMARK [2][-]{subsection.5.4}{\376\377\000I\000n\000d\000i\000c\000a\000t\000o\000r\000i\000\040\000d\000e\000m\000o\000g\000r\000a\000f\000i\000c\000i}{section.5}% 31
\BOOKMARK [2][-]{subsection.5.5}{\376\377\000D\000a\000t\000a\000s\000e\000t\000\040\000s\000t\000r\000u\000t\000t\000u\000r\000a\000t\000o\000\040\000i\000n\000\040\000f\000o\000r\000m\000a\000t\000o\000\040\000a\000p\000e\000r\000t\000o}{section.5}% 32
\BOOKMARK [2][-]{subsection.5.6}{\376\377\000Q\000u\000a\000l\000i\000t\000\340\000\040\000d\000e\000i\000\040\000j\000o\000i\000n}{section.5}% 33
\BOOKMARK [1][-]{section.6}{\376\377\000M\000e\000t\000a\000d\000a\000t\000i}{}% 34
\BOOKMARK [2][-]{subsection.6.1}{\376\377\000F\000r\000i\000c\000t\000i\000o\000n\000l\000e\000s\000s}{section.6}% 35
\BOOKMARK [2][-]{subsection.6.2}{\376\377\000D\000C\000A\000T}{section.6}% 36
\BOOKMARK [2][-]{subsection.6.3}{\376\377\000P\000r\000o\000v\000e\000n\000a\000n\000c\000e}{section.6}% 37
\BOOKMARK [2][-]{subsection.6.4}{\376\377\000L\000i\000c\000e\000n\000z\000a\000\040\000d\000e\000r\000i\000v\000a\000t\000a}{section.6}% 38
\BOOKMARK [1][-]{section.7}{\376\377\000M\000o\000d\000e\000l\000l\000a\000z\000i\000o\000n\000e\000\040\000s\000e\000m\000a\000n\000t\000i\000c\000a}{}% 39
\BOOKMARK [2][-]{subsection.7.1}{\376\377\000C\000o\000m\000p\000e\000t\000e\000n\000c\000y\000\040\000Q\000u\000e\000s\000t\000i\000o\000n\000s}{section.7}% 40
\BOOKMARK [2][-]{subsection.7.2}{\376\377\000V\000o\000c\000a\000b\000o\000l\000a\000r\000i}{section.7}% 41
\BOOKMARK [2][-]{subsection.7.3}{\376\377\000C\000u\000l\000t\000u\000r\000a\000l\000-\000O\000N}{section.7}% 42
\BOOKMARK [2][-]{subsection.7.4}{\376\377\000C\000l\000a\000s\000s\000i}{section.7}% 43
\BOOKMARK [2][-]{subsection.7.5}{\376\377\000O\000b\000j\000e\000c\000t\000\040\000P\000r\000o\000p\000e\000r\000t\000i\000e\000s}{section.7}% 44
\BOOKMARK [2][-]{subsection.7.6}{\376\377\000D\000a\000t\000a\000t\000y\000p\000e\000\040\000P\000r\000o\000p\000e\000r\000t\000i\000e\000s}{section.7}% 45
\BOOKMARK [2][-]{subsection.7.7}{\376\377\000S\000t\000a\000t\000i\000\040\000e\000\040\000S\000K\000O\000S}{section.7}% 46
\BOOKMARK [2][-]{subsection.7.8}{\376\377\000M\000o\000d\000e\000l\000l\000a\000z\000i\000o\000n\000e\000\040\000t\000e\000m\000p\000o\000r\000a\000l\000e}{section.7}% 47
\BOOKMARK [1][-]{section.8}{\376\377\000U\000R\000I\000\040\000P\000o\000l\000i\000c\000y}{}% 48
\BOOKMARK [1][-]{section.9}{\376\377\000R\000D\000F}{}% 49
\BOOKMARK [2][-]{subsection.9.1}{\376\377\000M\000a\000p\000p\000i\000n\000g}{section.9}% 50
\BOOKMARK [2][-]{subsection.9.2}{\376\377\000R\000D\000F\000L\000i\000b}{section.9}% 51
\BOOKMARK [2][-]{subsection.9.3}{\376\377\000T\000u\000r\000t\000l\000e}{section.9}% 52
\BOOKMARK [2][-]{subsection.9.4}{\376\377\000J\000S\000O\000N\000-\000L\000D}{section.9}% 53
\BOOKMARK [2][-]{subsection.9.5}{\376\377\000V\000a\000l\000i\000d\000a\000z\000i\000o\000n\000e}{section.9}% 54
\BOOKMARK [2][-]{subsection.9.6}{\376\377\000S\000H\000A\000C\000L}{section.9}% 55
\BOOKMARK [2][-]{subsection.9.7}{\376\377\000S\000t\000a\000t\000i\000s\000t\000i\000c\000h\000e\000\040\000d\000e\000l\000\040\000g\000r\000a\000f\000o}{section.9}% 56
\BOOKMARK [1][-]{section.10}{\376\377\000L\000i\000n\000k\000e\000d\000\040\000O\000p\000e\000n\000\040\000D\000a\000t\000a}{}% 57
\BOOKMARK [2][-]{subsection.10.1}{\376\377\000S\000t\000r\000a\000t\000e\000g\000i\000a}{section.10}% 58
\BOOKMARK [2][-]{subsection.10.2}{\376\377\000B\000i\000b\000l\000i\000o\000t\000e\000c\000h\000e}{section.10}% 59
\BOOKMARK [2][-]{subsection.10.3}{\376\377\000C\000o\000m\000u\000n\000i}{section.10}% 60
\BOOKMARK [2][-]{subsection.10.4}{\376\377\000s\000a\000m\000e\000A\000s\000\040\000e\000\040\000c\000o\000l\000l\000e\000g\000a\000m\000e\000n\000t\000i\000\040\000i\000n\000f\000o\000r\000m\000a\000t\000i\000v\000i}{section.10}% 61
\BOOKMARK [2][-]{subsection.10.5}{\376\377\000C\000o\000v\000e\000r\000a\000g\000e}{section.10}% 62
\BOOKMARK [2][-]{subsection.10.6}{\376\377\0005\000-\000s\000t\000a\000r\000\040\000a\000s\000s\000e\000s\000s\000m\000e\000n\000t}{section.10}% 63
\BOOKMARK [1][-]{section.11}{\376\377\000S\000P\000A\000R\000Q\000L\000\040\000e\000\040\000t\000r\000i\000p\000l\000e\000s\000t\000o\000r\000e\000\040\000e\000m\000b\000e\000d\000d\000e\000d}{}% 64
\BOOKMARK [2][-]{subsection.11.1}{\376\377\000T\000r\000i\000p\000l\000e\000s\000t\000o\000r\000e}{section.11}% 65
\BOOKMARK [2][-]{subsection.11.2}{\376\377\000Q\000u\000e\000r\000y}{section.11}% 66
\BOOKMARK [2][-]{subsection.11.3}{\376\377\000R\000i\000s\000u\000l\000t\000a\000t\000i}{section.11}% 67
\BOOKMARK [1][-]{section.12}{\376\377\000A\000n\000a\000l\000i\000s\000i}{}% 68
\BOOKMARK [2][-]{subsection.12.1}{\376\377\000S\000t\000a\000t\000i\000s\000t\000i\000c\000h\000e\000\040\000d\000e\000s\000c\000r\000i\000t\000t\000i\000v\000e}{section.12}% 69
\BOOKMARK [2][-]{subsection.12.2}{\376\377\000T\000e\000r\000r\000i\000t\000o\000r\000i\000o\000\040\040\023\000\040\000R\000Q\0001}{section.12}% 70
\BOOKMARK [2][-]{subsection.12.3}{\376\377\000S\000t\000a\000t\000i\000\040\040\023\000\040\000R\000Q\0002}{section.12}% 71
\BOOKMARK [2][-]{subsection.12.4}{\376\377\000T\000i\000p\000o\000l\000o\000g\000i\000e\000\040\040\023\000\040\000R\000Q\0003}{section.12}% 72
\BOOKMARK [2][-]{subsection.12.5}{\376\377\000D\000e\000m\000o\000g\000r\000a\000f\000i\000a\000\040\040\023\000\040\000R\000Q\0004}{section.12}% 73
\BOOKMARK [2][-]{subsection.12.6}{\376\377\000P\000a\000t\000r\000i\000m\000o\000n\000i\000o\000\040\040\023\000\040\000R\000Q\0005}{section.12}% 74
\BOOKMARK [2][-]{subsection.12.7}{\376\377\000F\000o\000n\000d\000i\000\040\000s\000p\000e\000c\000i\000a\000l\000i\000\040\040\023\000\040\000R\000Q\0005}{section.12}% 75
\BOOKMARK [2][-]{subsection.12.8}{\376\377\000C\000o\000n\000f\000l\000u\000e\000n\000z\000e\000\040\040\023\000\040\000R\000Q\0007}{section.12}% 76
\BOOKMARK [2][-]{subsection.12.9}{\376\377\000Q\000u\000o\000t\000a\000\040\0006\0005\000+\000\040\040\023\000\040\000R\000Q\0008}{section.12}% 77
\BOOKMARK [1][-]{section.13}{\376\377\000D\000a\000t\000a\000\040\000V\000i\000s\000u\000a\000l\000i\000z\000a\000t\000i\000o\000n}{}% 78
\BOOKMARK [1][-]{section.14}{\376\377\000P\000r\000o\000b\000l\000e\000m\000i\000\040\000e\000\040\000d\000e\000c\000i\000s\000i\000o\000n\000i\000\040\000p\000r\000o\000g\000e\000t\000t\000u\000a\000l\000i}{}% 79
\BOOKMARK [1][-]{section.15}{\376\377\000L\000i\000m\000i\000t\000i}{}% 80
\BOOKMARK [1][-]{section.16}{\376\377\000C\000o\000n\000c\000l\000u\000s\000i\000o\000n\000i}{}% 81
\BOOKMARK [1][-]{section.17}{\376\377\000F\000o\000n\000t\000i\000\040\000e\000\040\000r\000i\000f\000e\000r\000i\000m\000e\000n\000t\000i}{}% 82
